Archive member included to satisfy reference by file (symbol)

c:/st/stm32cubeide_1.11.2/stm32cubeide/plugins/com.st.stm32cube.ide.mcu.externaltools.gnu-tools-for-stm32.10.3-2021.10.win32_1.0.100.202210260954/tools/bin/../lib/gcc/arm-none-eabi/10.3.1/../../../../arm-none-eabi/lib/thumb/v7e-m+fp/hard\libc_nano.a(lib_a-exit.o)
                              c:/st/stm32cubeide_1.11.2/stm32cubeide/plugins/com.st.stm32cube.ide.mcu.externaltools.gnu-tools-for-stm32.10.3-2021.10.win32_1.0.100.202210260954/tools/bin/../lib/gcc/arm-none-eabi/10.3.1/../../../../arm-none-eabi/lib/thumb/v7e-m+fp/hard/crt0.o (exit)
c:/st/stm32cubeide_1.11.2/stm32cubeide/plugins/com.st.stm32cube.ide.mcu.externaltools.gnu-tools-for-stm32.10.3-2021.10.win32_1.0.100.202210260954/tools/bin/../lib/gcc/arm-none-eabi/10.3.1/../../../../arm-none-eabi/lib/thumb/v7e-m+fp/hard\libc_nano.a(lib_a-impure.o)
                              c:/st/stm32cubeide_1.11.2/stm32cubeide/plugins/com.st.stm32cube.ide.mcu.externaltools.gnu-tools-for-stm32.10.3-2021.10.win32_1.0.100.202210260954/tools/bin/../lib/gcc/arm-none-eabi/10.3.1/../../../../arm-none-eabi/lib/thumb/v7e-m+fp/hard\libc_nano.a(lib_a-exit.o) (_global_impure_ptr)
c:/st/stm32cubeide_1.11.2/stm32cubeide/plugins/com.st.stm32cube.ide.mcu.externaltools.gnu-tools-for-stm32.10.3-2021.10.win32_1.0.100.202210260954/tools/bin/../lib/gcc/arm-none-eabi/10.3.1/../../../../arm-none-eabi/lib/thumb/v7e-m+fp/hard\libc_nano.a(lib_a-init.o)
                              c:/st/stm32cubeide_1.11.2/stm32cubeide/plugins/com.st.stm32cube.ide.mcu.externaltools.gnu-tools-for-stm32.10.3-2021.10.win32_1.0.100.202210260954/tools/bin/../lib/gcc/arm-none-eabi/10.3.1/../../../../arm-none-eabi/lib/thumb/v7e-m+fp/hard/crt0.o (__libc_init_array)
c:/st/stm32cubeide_1.11.2/stm32cubeide/plugins/com.st.stm32cube.ide.mcu.externaltools.gnu-tools-for-stm32.10.3-2021.10.win32_1.0.100.202210260954/tools/bin/../lib/gcc/arm-none-eabi/10.3.1/../../../../arm-none-eabi/lib/thumb/v7e-m+fp/hard\libc_nano.a(lib_a-memset.o)
                              c:/st/stm32cubeide_1.11.2/stm32cubeide/plugins/com.st.stm32cube.ide.mcu.externaltools.gnu-tools-for-stm32.10.3-2021.10.win32_1.0.100.202210260954/tools/bin/../lib/gcc/arm-none-eabi/10.3.1/../../../../arm-none-eabi/lib/thumb/v7e-m+fp/hard/crt0.o (memset)
c:/st/stm32cubeide_1.11.2/stm32cubeide/plugins/com.st.stm32cube.ide.mcu.externaltools.gnu-tools-for-stm32.10.3-2021.10.win32_1.0.100.202210260954/tools/bin/../lib/gcc/arm-none-eabi/10.3.1/../../../../arm-none-eabi/lib/thumb/v7e-m+fp/hard\libnosys.a(_exit.o)
                              c:/st/stm32cubeide_1.11.2/stm32cubeide/plugins/com.st.stm32cube.ide.mcu.externaltools.gnu-tools-for-stm32.10.3-2021.10.win32_1.0.100.202210260954/tools/bin/../lib/gcc/arm-none-eabi/10.3.1/../../../../arm-none-eabi/lib/thumb/v7e-m+fp/hard\libc_nano.a(lib_a-exit.o) (_exit)

Discarded input sections

 .text          0x0000000000000000        0x0 c:/st/stm32cubeide_1.11.2/stm32cubeide/plugins/com.st.stm32cube.ide.mcu.externaltools.gnu-tools-for-stm32.10.3-2021.10.win32_1.0.100.202210260954/tools/bin/../lib/gcc/arm-none-eabi/10.3.1/thumb/v7e-m+fp/hard/crti.o
 .data          0x0000000000000000        0x0 c:/st/stm32cubeide_1.11.2/stm32cubeide/plugins/com.st.stm32cube.ide.mcu.externaltools.gnu-tools-for-stm32.10.3-2021.10.win32_1.0.100.202210260954/tools/bin/../lib/gcc/arm-none-eabi/10.3.1/thumb/v7e-m+fp/hard/crti.o
 .bss           0x0000000000000000        0x0 c:/st/stm32cubeide_1.11.2/stm32cubeide/plugins/com.st.stm32cube.ide.mcu.externaltools.gnu-tools-for-stm32.10.3-2021.10.win32_1.0.100.202210260954/tools/bin/../lib/gcc/arm-none-eabi/10.3.1/thumb/v7e-m+fp/hard/crti.o
 .data          0x0000000000000000        0x4 c:/st/stm32cubeide_1.11.2/stm32cubeide/plugins/com.st.stm32cube.ide.mcu.externaltools.gnu-tools-for-stm32.10.3-2021.10.win32_1.0.100.202210260954/tools/bin/../lib/gcc/arm-none-eabi/10.3.1/thumb/v7e-m+fp/hard/crtbegin.o
 .rodata        0x0000000000000000       0x24 c:/st/stm32cubeide_1.11.2/stm32cubeide/plugins/com.st.stm32cube.ide.mcu.externaltools.gnu-tools-for-stm32.10.3-2021.10.win32_1.0.100.202210260954/tools/bin/../lib/gcc/arm-none-eabi/10.3.1/thumb/v7e-m+fp/hard/crtbegin.o
 .text          0x0000000000000000       0x7c c:/st/stm32cubeide_1.11.2/stm32cubeide/plugins/com.st.stm32cube.ide.mcu.externaltools.gnu-tools-for-stm32.10.3-2021.10.win32_1.0.100.202210260954/tools/bin/../lib/gcc/arm-none-eabi/10.3.1/../../../../arm-none-eabi/lib/thumb/v7e-m+fp/hard/crt0.o
 .data          0x0000000000000000        0x0 c:/st/stm32cubeide_1.11.2/stm32cubeide/plugins/com.st.stm32cube.ide.mcu.externaltools.gnu-tools-for-stm32.10.3-2021.10.win32_1.0.100.202210260954/tools/bin/../lib/gcc/arm-none-eabi/10.3.1/../../../../arm-none-eabi/lib/thumb/v7e-m+fp/hard/crt0.o
 .bss           0x0000000000000000        0x0 c:/st/stm32cubeide_1.11.2/stm32cubeide/plugins/com.st.stm32cube.ide.mcu.externaltools.gnu-tools-for-stm32.10.3-2021.10.win32_1.0.100.202210260954/tools/bin/../lib/gcc/arm-none-eabi/10.3.1/../../../../arm-none-eabi/lib/thumb/v7e-m+fp/hard/crt0.o
 .ARM.extab     0x0000000000000000        0x0 c:/st/stm32cubeide_1.11.2/stm32cubeide/plugins/com.st.stm32cube.ide.mcu.externaltools.gnu-tools-for-stm32.10.3-2021.10.win32_1.0.100.202210260954/tools/bin/../lib/gcc/arm-none-eabi/10.3.1/../../../../arm-none-eabi/lib/thumb/v7e-m+fp/hard/crt0.o
 .ARM.exidx     0x0000000000000000       0x10 c:/st/stm32cubeide_1.11.2/stm32cubeide/plugins/com.st.stm32cube.ide.mcu.externaltools.gnu-tools-for-stm32.10.3-2021.10.win32_1.0.100.202210260954/tools/bin/../lib/gcc/arm-none-eabi/10.3.1/../../../../arm-none-eabi/lib/thumb/v7e-m+fp/hard/crt0.o
 .ARM.attributes
                0x0000000000000000       0x1c c:/st/stm32cubeide_1.11.2/stm32cubeide/plugins/com.st.stm32cube.ide.mcu.externaltools.gnu-tools-for-stm32.10.3-2021.10.win32_1.0.100.202210260954/tools/bin/../lib/gcc/arm-none-eabi/10.3.1/../../../../arm-none-eabi/lib/thumb/v7e-m+fp/hard/crt0.o
 .text          0x0000000000000000        0x0 ./Core/Include/main_h.o
 .data          0x0000000000000000        0x0 ./Core/Include/main_h.o
 .bss           0x0000000000000000        0x0 ./Core/Include/main_h.o
 .ARM.attributes
                0x0000000000000000       0x20 ./Core/Include/main_h.o
 .text          0x0000000000000000        0x0 ./Core/Source/main.o
 .data          0x0000000000000000        0x0 ./Core/Source/main.o
 .bss           0x0000000000000000        0x0 ./Core/Source/main.o
 .text          0x0000000000000000        0x0 ./Drivers/stm32l476_msp_asm/Include/stm32l476_constants_h.o
 .data          0x0000000000000000        0x0 ./Drivers/stm32l476_msp_asm/Include/stm32l476_constants_h.o
 .bss           0x0000000000000000        0x0 ./Drivers/stm32l476_msp_asm/Include/stm32l476_constants_h.o
 .ARM.attributes
                0x0000000000000000       0x20 ./Drivers/stm32l476_msp_asm/Include/stm32l476_constants_h.o
 .text          0x0000000000000000        0x0 ./Drivers/stm32l476_msp_asm/Include/stm32l476_msp_gpio_h.o
 .data          0x0000000000000000        0x0 ./Drivers/stm32l476_msp_asm/Include/stm32l476_msp_gpio_h.o
 .bss           0x0000000000000000        0x0 ./Drivers/stm32l476_msp_asm/Include/stm32l476_msp_gpio_h.o
 .ARM.attributes
                0x0000000000000000       0x20 ./Drivers/stm32l476_msp_asm/Include/stm32l476_msp_gpio_h.o
 .text          0x0000000000000000        0x0 ./Drivers/stm32l476_msp_asm/Include/stm32l476_msp_rcc_h.o
 .data          0x0000000000000000        0x0 ./Drivers/stm32l476_msp_asm/Include/stm32l476_msp_rcc_h.o
 .bss           0x0000000000000000        0x0 ./Drivers/stm32l476_msp_asm/Include/stm32l476_msp_rcc_h.o
 .ARM.attributes
                0x0000000000000000       0x20 ./Drivers/stm32l476_msp_asm/Include/stm32l476_msp_rcc_h.o
 .text          0x0000000000000000        0x0 ./Drivers/stm32l476_msp_asm/source/stm32l476_msp_gpio.o
 .data          0x0000000000000000        0x0 ./Drivers/stm32l476_msp_asm/source/stm32l476_msp_gpio.o
 .bss           0x0000000000000000        0x0 ./Drivers/stm32l476_msp_asm/source/stm32l476_msp_gpio.o
 .text          0x0000000000000000        0x0 ./Drivers/stm32l476_msp_asm/source/stm32l476_msp_rcc.o
 .data          0x0000000000000000        0x0 ./Drivers/stm32l476_msp_asm/source/stm32l476_msp_rcc.o
 .bss           0x0000000000000000        0x0 ./Drivers/stm32l476_msp_asm/source/stm32l476_msp_rcc.o
 .text          0x0000000000000000        0x0 ./Drivers/stm32l476_n64_bsp_asm/Include/stm32l476_n64_bsp_asm_h.o
 .data          0x0000000000000000        0x0 ./Drivers/stm32l476_n64_bsp_asm/Include/stm32l476_n64_bsp_asm_h.o
 .bss           0x0000000000000000        0x0 ./Drivers/stm32l476_n64_bsp_asm/Include/stm32l476_n64_bsp_asm_h.o
 .ARM.attributes
                0x0000000000000000       0x20 ./Drivers/stm32l476_n64_bsp_asm/Include/stm32l476_n64_bsp_asm_h.o
 .text          0x0000000000000000        0x0 ./Drivers/stm32l476_n64_bsp_asm/Source/stm32l476_n64_bsp_asm.o
 .data          0x0000000000000000        0x0 ./Drivers/stm32l476_n64_bsp_asm/Source/stm32l476_n64_bsp_asm.o
 .bss           0x0000000000000000        0x0 ./Drivers/stm32l476_n64_bsp_asm/Source/stm32l476_n64_bsp_asm.o
 .text          0x0000000000000000       0x14 ./Startup/startup_stm32l476rgtx.o
 .data          0x0000000000000000        0x0 ./Startup/startup_stm32l476rgtx.o
 .bss           0x0000000000000000        0x0 ./Startup/startup_stm32l476rgtx.o
 .text          0x0000000000000000        0x0 c:/st/stm32cubeide_1.11.2/stm32cubeide/plugins/com.st.stm32cube.ide.mcu.externaltools.gnu-tools-for-stm32.10.3-2021.10.win32_1.0.100.202210260954/tools/bin/../lib/gcc/arm-none-eabi/10.3.1/../../../../arm-none-eabi/lib/thumb/v7e-m+fp/hard\libc_nano.a(lib_a-exit.o)
 .data          0x0000000000000000        0x0 c:/st/stm32cubeide_1.11.2/stm32cubeide/plugins/com.st.stm32cube.ide.mcu.externaltools.gnu-tools-for-stm32.10.3-2021.10.win32_1.0.100.202210260954/tools/bin/../lib/gcc/arm-none-eabi/10.3.1/../../../../arm-none-eabi/lib/thumb/v7e-m+fp/hard\libc_nano.a(lib_a-exit.o)
 .bss           0x0000000000000000        0x0 c:/st/stm32cubeide_1.11.2/stm32cubeide/plugins/com.st.stm32cube.ide.mcu.externaltools.gnu-tools-for-stm32.10.3-2021.10.win32_1.0.100.202210260954/tools/bin/../lib/gcc/arm-none-eabi/10.3.1/../../../../arm-none-eabi/lib/thumb/v7e-m+fp/hard\libc_nano.a(lib_a-exit.o)
 .text.exit     0x0000000000000000       0x28 c:/st/stm32cubeide_1.11.2/stm32cubeide/plugins/com.st.stm32cube.ide.mcu.externaltools.gnu-tools-for-stm32.10.3-2021.10.win32_1.0.100.202210260954/tools/bin/../lib/gcc/arm-none-eabi/10.3.1/../../../../arm-none-eabi/lib/thumb/v7e-m+fp/hard\libc_nano.a(lib_a-exit.o)
 .debug_frame   0x0000000000000000       0x28 c:/st/stm32cubeide_1.11.2/stm32cubeide/plugins/com.st.stm32cube.ide.mcu.externaltools.gnu-tools-for-stm32.10.3-2021.10.win32_1.0.100.202210260954/tools/bin/../lib/gcc/arm-none-eabi/10.3.1/../../../../arm-none-eabi/lib/thumb/v7e-m+fp/hard\libc_nano.a(lib_a-exit.o)
 .ARM.attributes
                0x0000000000000000       0x34 c:/st/stm32cubeide_1.11.2/stm32cubeide/plugins/com.st.stm32cube.ide.mcu.externaltools.gnu-tools-for-stm32.10.3-2021.10.win32_1.0.100.202210260954/tools/bin/../lib/gcc/arm-none-eabi/10.3.1/../../../../arm-none-eabi/lib/thumb/v7e-m+fp/hard\libc_nano.a(lib_a-exit.o)
 .text          0x0000000000000000        0x0 c:/st/stm32cubeide_1.11.2/stm32cubeide/plugins/com.st.stm32cube.ide.mcu.externaltools.gnu-tools-for-stm32.10.3-2021.10.win32_1.0.100.202210260954/tools/bin/../lib/gcc/arm-none-eabi/10.3.1/../../../../arm-none-eabi/lib/thumb/v7e-m+fp/hard\libc_nano.a(lib_a-impure.o)
 .data          0x0000000000000000        0x0 c:/st/stm32cubeide_1.11.2/stm32cubeide/plugins/com.st.stm32cube.ide.mcu.externaltools.gnu-tools-for-stm32.10.3-2021.10.win32_1.0.100.202210260954/tools/bin/../lib/gcc/arm-none-eabi/10.3.1/../../../../arm-none-eabi/lib/thumb/v7e-m+fp/hard\libc_nano.a(lib_a-impure.o)
 .bss           0x0000000000000000        0x0 c:/st/stm32cubeide_1.11.2/stm32cubeide/plugins/com.st.stm32cube.ide.mcu.externaltools.gnu-tools-for-stm32.10.3-2021.10.win32_1.0.100.202210260954/tools/bin/../lib/gcc/arm-none-eabi/10.3.1/../../../../arm-none-eabi/lib/thumb/v7e-m+fp/hard\libc_nano.a(lib_a-impure.o)
 .data._impure_ptr
                0x0000000000000000        0x4 c:/st/stm32cubeide_1.11.2/stm32cubeide/plugins/com.st.stm32cube.ide.mcu.externaltools.gnu-tools-for-stm32.10.3-2021.10.win32_1.0.100.202210260954/tools/bin/../lib/gcc/arm-none-eabi/10.3.1/../../../../arm-none-eabi/lib/thumb/v7e-m+fp/hard\libc_nano.a(lib_a-impure.o)
 .data.impure_data
                0x0000000000000000       0x60 c:/st/stm32cubeide_1.11.2/stm32cubeide/plugins/com.st.stm32cube.ide.mcu.externaltools.gnu-tools-for-stm32.10.3-2021.10.win32_1.0.100.202210260954/tools/bin/../lib/gcc/arm-none-eabi/10.3.1/../../../../arm-none-eabi/lib/thumb/v7e-m+fp/hard\libc_nano.a(lib_a-impure.o)
 .rodata._global_impure_ptr
                0x0000000000000000        0x4 c:/st/stm32cubeide_1.11.2/stm32cubeide/plugins/com.st.stm32cube.ide.mcu.externaltools.gnu-tools-for-stm32.10.3-2021.10.win32_1.0.100.202210260954/tools/bin/../lib/gcc/arm-none-eabi/10.3.1/../../../../arm-none-eabi/lib/thumb/v7e-m+fp/hard\libc_nano.a(lib_a-impure.o)
 .ARM.attributes
                0x0000000000000000       0x34 c:/st/stm32cubeide_1.11.2/stm32cubeide/plugins/com.st.stm32cube.ide.mcu.externaltools.gnu-tools-for-stm32.10.3-2021.10.win32_1.0.100.202210260954/tools/bin/../lib/gcc/arm-none-eabi/10.3.1/../../../../arm-none-eabi/lib/thumb/v7e-m+fp/hard\libc_nano.a(lib_a-impure.o)
 .text          0x0000000000000000        0x0 c:/st/stm32cubeide_1.11.2/stm32cubeide/plugins/com.st.stm32cube.ide.mcu.externaltools.gnu-tools-for-stm32.10.3-2021.10.win32_1.0.100.202210260954/tools/bin/../lib/gcc/arm-none-eabi/10.3.1/../../../../arm-none-eabi/lib/thumb/v7e-m+fp/hard\libc_nano.a(lib_a-init.o)
 .data          0x0000000000000000        0x0 c:/st/stm32cubeide_1.11.2/stm32cubeide/plugins/com.st.stm32cube.ide.mcu.externaltools.gnu-tools-for-stm32.10.3-2021.10.win32_1.0.100.202210260954/tools/bin/../lib/gcc/arm-none-eabi/10.3.1/../../../../arm-none-eabi/lib/thumb/v7e-m+fp/hard\libc_nano.a(lib_a-init.o)
 .bss           0x0000000000000000        0x0 c:/st/stm32cubeide_1.11.2/stm32cubeide/plugins/com.st.stm32cube.ide.mcu.externaltools.gnu-tools-for-stm32.10.3-2021.10.win32_1.0.100.202210260954/tools/bin/../lib/gcc/arm-none-eabi/10.3.1/../../../../arm-none-eabi/lib/thumb/v7e-m+fp/hard\libc_nano.a(lib_a-init.o)
 .text          0x0000000000000000        0x0 c:/st/stm32cubeide_1.11.2/stm32cubeide/plugins/com.st.stm32cube.ide.mcu.externaltools.gnu-tools-for-stm32.10.3-2021.10.win32_1.0.100.202210260954/tools/bin/../lib/gcc/arm-none-eabi/10.3.1/../../../../arm-none-eabi/lib/thumb/v7e-m+fp/hard\libc_nano.a(lib_a-memset.o)
 .data          0x0000000000000000        0x0 c:/st/stm32cubeide_1.11.2/stm32cubeide/plugins/com.st.stm32cube.ide.mcu.externaltools.gnu-tools-for-stm32.10.3-2021.10.win32_1.0.100.202210260954/tools/bin/../lib/gcc/arm-none-eabi/10.3.1/../../../../arm-none-eabi/lib/thumb/v7e-m+fp/hard\libc_nano.a(lib_a-memset.o)
 .bss           0x0000000000000000        0x0 c:/st/stm32cubeide_1.11.2/stm32cubeide/plugins/com.st.stm32cube.ide.mcu.externaltools.gnu-tools-for-stm32.10.3-2021.10.win32_1.0.100.202210260954/tools/bin/../lib/gcc/arm-none-eabi/10.3.1/../../../../arm-none-eabi/lib/thumb/v7e-m+fp/hard\libc_nano.a(lib_a-memset.o)
 .text.memset   0x0000000000000000       0x10 c:/st/stm32cubeide_1.11.2/stm32cubeide/plugins/com.st.stm32cube.ide.mcu.externaltools.gnu-tools-for-stm32.10.3-2021.10.win32_1.0.100.202210260954/tools/bin/../lib/gcc/arm-none-eabi/10.3.1/../../../../arm-none-eabi/lib/thumb/v7e-m+fp/hard\libc_nano.a(lib_a-memset.o)
 .debug_frame   0x0000000000000000       0x20 c:/st/stm32cubeide_1.11.2/stm32cubeide/plugins/com.st.stm32cube.ide.mcu.externaltools.gnu-tools-for-stm32.10.3-2021.10.win32_1.0.100.202210260954/tools/bin/../lib/gcc/arm-none-eabi/10.3.1/../../../../arm-none-eabi/lib/thumb/v7e-m+fp/hard\libc_nano.a(lib_a-memset.o)
 .ARM.attributes
                0x0000000000000000       0x34 c:/st/stm32cubeide_1.11.2/stm32cubeide/plugins/com.st.stm32cube.ide.mcu.externaltools.gnu-tools-for-stm32.10.3-2021.10.win32_1.0.100.202210260954/tools/bin/../lib/gcc/arm-none-eabi/10.3.1/../../../../arm-none-eabi/lib/thumb/v7e-m+fp/hard\libc_nano.a(lib_a-memset.o)
 .text          0x0000000000000000        0x0 c:/st/stm32cubeide_1.11.2/stm32cubeide/plugins/com.st.stm32cube.ide.mcu.externaltools.gnu-tools-for-stm32.10.3-2021.10.win32_1.0.100.202210260954/tools/bin/../lib/gcc/arm-none-eabi/10.3.1/../../../../arm-none-eabi/lib/thumb/v7e-m+fp/hard\libnosys.a(_exit.o)
 .data          0x0000000000000000        0x0 c:/st/stm32cubeide_1.11.2/stm32cubeide/plugins/com.st.stm32cube.ide.mcu.externaltools.gnu-tools-for-stm32.10.3-2021.10.win32_1.0.100.202210260954/tools/bin/../lib/gcc/arm-none-eabi/10.3.1/../../../../arm-none-eabi/lib/thumb/v7e-m+fp/hard\libnosys.a(_exit.o)
 .bss           0x0000000000000000        0x0 c:/st/stm32cubeide_1.11.2/stm32cubeide/plugins/com.st.stm32cube.ide.mcu.externaltools.gnu-tools-for-stm32.10.3-2021.10.win32_1.0.100.202210260954/tools/bin/../lib/gcc/arm-none-eabi/10.3.1/../../../../arm-none-eabi/lib/thumb/v7e-m+fp/hard\libnosys.a(_exit.o)
 .text._exit    0x0000000000000000        0x2 c:/st/stm32cubeide_1.11.2/stm32cubeide/plugins/com.st.stm32cube.ide.mcu.externaltools.gnu-tools-for-stm32.10.3-2021.10.win32_1.0.100.202210260954/tools/bin/../lib/gcc/arm-none-eabi/10.3.1/../../../../arm-none-eabi/lib/thumb/v7e-m+fp/hard\libnosys.a(_exit.o)
 .debug_frame   0x0000000000000000       0x20 c:/st/stm32cubeide_1.11.2/stm32cubeide/plugins/com.st.stm32cube.ide.mcu.externaltools.gnu-tools-for-stm32.10.3-2021.10.win32_1.0.100.202210260954/tools/bin/../lib/gcc/arm-none-eabi/10.3.1/../../../../arm-none-eabi/lib/thumb/v7e-m+fp/hard\libnosys.a(_exit.o)
 .ARM.attributes
                0x0000000000000000       0x34 c:/st/stm32cubeide_1.11.2/stm32cubeide/plugins/com.st.stm32cube.ide.mcu.externaltools.gnu-tools-for-stm32.10.3-2021.10.win32_1.0.100.202210260954/tools/bin/../lib/gcc/arm-none-eabi/10.3.1/../../../../arm-none-eabi/lib/thumb/v7e-m+fp/hard\libnosys.a(_exit.o)
 .text          0x0000000000000000        0x0 c:/st/stm32cubeide_1.11.2/stm32cubeide/plugins/com.st.stm32cube.ide.mcu.externaltools.gnu-tools-for-stm32.10.3-2021.10.win32_1.0.100.202210260954/tools/bin/../lib/gcc/arm-none-eabi/10.3.1/thumb/v7e-m+fp/hard/crtend.o
 .data          0x0000000000000000        0x0 c:/st/stm32cubeide_1.11.2/stm32cubeide/plugins/com.st.stm32cube.ide.mcu.externaltools.gnu-tools-for-stm32.10.3-2021.10.win32_1.0.100.202210260954/tools/bin/../lib/gcc/arm-none-eabi/10.3.1/thumb/v7e-m+fp/hard/crtend.o
 .bss           0x0000000000000000        0x0 c:/st/stm32cubeide_1.11.2/stm32cubeide/plugins/com.st.stm32cube.ide.mcu.externaltools.gnu-tools-for-stm32.10.3-2021.10.win32_1.0.100.202210260954/tools/bin/../lib/gcc/arm-none-eabi/10.3.1/thumb/v7e-m+fp/hard/crtend.o
 .rodata        0x0000000000000000       0x24 c:/st/stm32cubeide_1.11.2/stm32cubeide/plugins/com.st.stm32cube.ide.mcu.externaltools.gnu-tools-for-stm32.10.3-2021.10.win32_1.0.100.202210260954/tools/bin/../lib/gcc/arm-none-eabi/10.3.1/thumb/v7e-m+fp/hard/crtend.o
 .eh_frame      0x0000000000000000        0x4 c:/st/stm32cubeide_1.11.2/stm32cubeide/plugins/com.st.stm32cube.ide.mcu.externaltools.gnu-tools-for-stm32.10.3-2021.10.win32_1.0.100.202210260954/tools/bin/../lib/gcc/arm-none-eabi/10.3.1/thumb/v7e-m+fp/hard/crtend.o
 .ARM.attributes
                0x0000000000000000       0x34 c:/st/stm32cubeide_1.11.2/stm32cubeide/plugins/com.st.stm32cube.ide.mcu.externaltools.gnu-tools-for-stm32.10.3-2021.10.win32_1.0.100.202210260954/tools/bin/../lib/gcc/arm-none-eabi/10.3.1/thumb/v7e-m+fp/hard/crtend.o
 .text          0x0000000000000000        0x0 c:/st/stm32cubeide_1.11.2/stm32cubeide/plugins/com.st.stm32cube.ide.mcu.externaltools.gnu-tools-for-stm32.10.3-2021.10.win32_1.0.100.202210260954/tools/bin/../lib/gcc/arm-none-eabi/10.3.1/thumb/v7e-m+fp/hard/crtn.o
 .data          0x0000000000000000        0x0 c:/st/stm32cubeide_1.11.2/stm32cubeide/plugins/com.st.stm32cube.ide.mcu.externaltools.gnu-tools-for-stm32.10.3-2021.10.win32_1.0.100.202210260954/tools/bin/../lib/gcc/arm-none-eabi/10.3.1/thumb/v7e-m+fp/hard/crtn.o
 .bss           0x0000000000000000        0x0 c:/st/stm32cubeide_1.11.2/stm32cubeide/plugins/com.st.stm32cube.ide.mcu.externaltools.gnu-tools-for-stm32.10.3-2021.10.win32_1.0.100.202210260954/tools/bin/../lib/gcc/arm-none-eabi/10.3.1/thumb/v7e-m+fp/hard/crtn.o

Memory Configuration

Name             Origin             Length             Attributes
RAM              0x0000000020000000 0x0000000000018000 xrw
SRAM2            0x0000000010000000 0x0000000000008000 xrw
FLASH            0x0000000008000000 0x0000000000100000 xr
*default*        0x0000000000000000 0xffffffffffffffff

Linker script and memory map

LOAD c:/st/stm32cubeide_1.11.2/stm32cubeide/plugins/com.st.stm32cube.ide.mcu.externaltools.gnu-tools-for-stm32.10.3-2021.10.win32_1.0.100.202210260954/tools/bin/../lib/gcc/arm-none-eabi/10.3.1/thumb/v7e-m+fp/hard/crti.o
LOAD c:/st/stm32cubeide_1.11.2/stm32cubeide/plugins/com.st.stm32cube.ide.mcu.externaltools.gnu-tools-for-stm32.10.3-2021.10.win32_1.0.100.202210260954/tools/bin/../lib/gcc/arm-none-eabi/10.3.1/thumb/v7e-m+fp/hard/crtbegin.o
LOAD c:/st/stm32cubeide_1.11.2/stm32cubeide/plugins/com.st.stm32cube.ide.mcu.externaltools.gnu-tools-for-stm32.10.3-2021.10.win32_1.0.100.202210260954/tools/bin/../lib/gcc/arm-none-eabi/10.3.1/../../../../arm-none-eabi/lib/thumb/v7e-m+fp/hard/crt0.o
LOAD ./Core/Include/main_h.o
LOAD ./Core/Source/main.o
LOAD ./Drivers/stm32l476_msp_asm/Include/stm32l476_constants_h.o
LOAD ./Drivers/stm32l476_msp_asm/Include/stm32l476_msp_gpio_h.o
LOAD ./Drivers/stm32l476_msp_asm/Include/stm32l476_msp_rcc_h.o
LOAD ./Drivers/stm32l476_msp_asm/source/stm32l476_msp_gpio.o
LOAD ./Drivers/stm32l476_msp_asm/source/stm32l476_msp_rcc.o
LOAD ./Drivers/stm32l476_n64_bsp_asm/Include/stm32l476_n64_bsp_asm_h.o
LOAD ./Drivers/stm32l476_n64_bsp_asm/Source/stm32l476_n64_bsp_asm.o
LOAD ./Startup/startup_stm32l476rgtx.o
START GROUP
LOAD c:/st/stm32cubeide_1.11.2/stm32cubeide/plugins/com.st.stm32cube.ide.mcu.externaltools.gnu-tools-for-stm32.10.3-2021.10.win32_1.0.100.202210260954/tools/bin/../lib/gcc/arm-none-eabi/10.3.1/../../../../arm-none-eabi/lib/thumb/v7e-m+fp/hard\libc_nano.a
LOAD c:/st/stm32cubeide_1.11.2/stm32cubeide/plugins/com.st.stm32cube.ide.mcu.externaltools.gnu-tools-for-stm32.10.3-2021.10.win32_1.0.100.202210260954/tools/bin/../lib/gcc/arm-none-eabi/10.3.1/../../../../arm-none-eabi/lib/thumb/v7e-m+fp/hard\libm.a
END GROUP
START GROUP
LOAD c:/st/stm32cubeide_1.11.2/stm32cubeide/plugins/com.st.stm32cube.ide.mcu.externaltools.gnu-tools-for-stm32.10.3-2021.10.win32_1.0.100.202210260954/tools/bin/../lib/gcc/arm-none-eabi/10.3.1/thumb/v7e-m+fp/hard\libgcc.a
LOAD c:/st/stm32cubeide_1.11.2/stm32cubeide/plugins/com.st.stm32cube.ide.mcu.externaltools.gnu-tools-for-stm32.10.3-2021.10.win32_1.0.100.202210260954/tools/bin/../lib/gcc/arm-none-eabi/10.3.1/../../../../arm-none-eabi/lib/thumb/v7e-m+fp/hard\libc_nano.a
END GROUP
START GROUP
LOAD c:/st/stm32cubeide_1.11.2/stm32cubeide/plugins/com.st.stm32cube.ide.mcu.externaltools.gnu-tools-for-stm32.10.3-2021.10.win32_1.0.100.202210260954/tools/bin/../lib/gcc/arm-none-eabi/10.3.1/thumb/v7e-m+fp/hard\libgcc.a
LOAD c:/st/stm32cubeide_1.11.2/stm32cubeide/plugins/com.st.stm32cube.ide.mcu.externaltools.gnu-tools-for-stm32.10.3-2021.10.win32_1.0.100.202210260954/tools/bin/../lib/gcc/arm-none-eabi/10.3.1/../../../../arm-none-eabi/lib/thumb/v7e-m+fp/hard\libc_nano.a
LOAD c:/st/stm32cubeide_1.11.2/stm32cubeide/plugins/com.st.stm32cube.ide.mcu.externaltools.gnu-tools-for-stm32.10.3-2021.10.win32_1.0.100.202210260954/tools/bin/../lib/gcc/arm-none-eabi/10.3.1/../../../../arm-none-eabi/lib/thumb/v7e-m+fp/hard\libnosys.a
END GROUP
START GROUP
LOAD c:/st/stm32cubeide_1.11.2/stm32cubeide/plugins/com.st.stm32cube.ide.mcu.externaltools.gnu-tools-for-stm32.10.3-2021.10.win32_1.0.100.202210260954/tools/bin/../lib/gcc/arm-none-eabi/10.3.1/thumb/v7e-m+fp/hard\libgcc.a
LOAD c:/st/stm32cubeide_1.11.2/stm32cubeide/plugins/com.st.stm32cube.ide.mcu.externaltools.gnu-tools-for-stm32.10.3-2021.10.win32_1.0.100.202210260954/tools/bin/../lib/gcc/arm-none-eabi/10.3.1/../../../../arm-none-eabi/lib/thumb/v7e-m+fp/hard\libc_nano.a
LOAD c:/st/stm32cubeide_1.11.2/stm32cubeide/plugins/com.st.stm32cube.ide.mcu.externaltools.gnu-tools-for-stm32.10.3-2021.10.win32_1.0.100.202210260954/tools/bin/../lib/gcc/arm-none-eabi/10.3.1/../../../../arm-none-eabi/lib/thumb/v7e-m+fp/hard\libnosys.a
END GROUP
LOAD c:/st/stm32cubeide_1.11.2/stm32cubeide/plugins/com.st.stm32cube.ide.mcu.externaltools.gnu-tools-for-stm32.10.3-2021.10.win32_1.0.100.202210260954/tools/bin/../lib/gcc/arm-none-eabi/10.3.1/thumb/v7e-m+fp/hard/crtend.o
LOAD c:/st/stm32cubeide_1.11.2/stm32cubeide/plugins/com.st.stm32cube.ide.mcu.externaltools.gnu-tools-for-stm32.10.3-2021.10.win32_1.0.100.202210260954/tools/bin/../lib/gcc/arm-none-eabi/10.3.1/thumb/v7e-m+fp/hard/crtn.o
                0x0000000020018000                _estack = (ORIGIN (RAM) + LENGTH (RAM))
                0x0000000000000200                _Min_Heap_Size = 0x200
                0x0000000000000400                _Min_Stack_Size = 0x400

.isr_vector     0x0000000008000000      0x188
                0x0000000008000000                . = ALIGN (0x4)
 *(.isr_vector)
 .isr_vector    0x0000000008000000      0x188 ./Startup/startup_stm32l476rgtx.o
                0x0000000008000000                g_pfnVectors
                0x0000000008000188                . = ALIGN (0x4)

.text           0x0000000008000188      0x194
                0x0000000008000188                . = ALIGN (0x4)
 *(.text)
 .text          0x0000000008000188       0x40 c:/st/stm32cubeide_1.11.2/stm32cubeide/plugins/com.st.stm32cube.ide.mcu.externaltools.gnu-tools-for-stm32.10.3-2021.10.win32_1.0.100.202210260954/tools/bin/../lib/gcc/arm-none-eabi/10.3.1/thumb/v7e-m+fp/hard/crtbegin.o
 *(.text*)
 .text.main     0x00000000080001c8       0x12 ./Core/Source/main.o
                0x00000000080001c8                main
 .text.MSP_GPIO_MODER_Init
                0x00000000080001da        0xe ./Drivers/stm32l476_msp_asm/source/stm32l476_msp_gpio.o
                0x00000000080001da                MSP_GPIO_MODER_Init
 .text.MSP_GPIO_Set
                0x00000000080001e8        0x4 ./Drivers/stm32l476_msp_asm/source/stm32l476_msp_gpio.o
                0x00000000080001e8                MSP_GPIO_Set
 .text.MSP_GPIO_Clear
                0x00000000080001ec        0x4 ./Drivers/stm32l476_msp_asm/source/stm32l476_msp_gpio.o
                0x00000000080001ec                MSP_GPIO_Clear
 .text.MSP_GPIO_Toggle
                0x00000000080001f0        0xa ./Drivers/stm32l476_msp_asm/source/stm32l476_msp_gpio.o
                0x00000000080001f0                MSP_GPIO_Toggle
 *fill*         0x00000000080001fa        0x2 
 .text.MSP_RCC_AHB2ENR_Init
                0x00000000080001fc       0x10 ./Drivers/stm32l476_msp_asm/source/stm32l476_msp_rcc.o
                0x00000000080001fc                MSP_RCC_AHB2ENR_Init
 .text.BSP_LD2_Init
                0x000000000800020c       0x20 ./Drivers/stm32l476_n64_bsp_asm/Source/stm32l476_n64_bsp_asm.o
                0x000000000800020c                BSP_LD2_Init
 .text.BSP_LD2_Set
                0x000000000800022c       0x14 ./Drivers/stm32l476_n64_bsp_asm/Source/stm32l476_n64_bsp_asm.o
                0x000000000800022c                BSP_LD2_Set
 .text.BSP_LD2_Clear
                0x0000000008000240       0x14 ./Drivers/stm32l476_n64_bsp_asm/Source/stm32l476_n64_bsp_asm.o
                0x0000000008000240                BSP_LD2_Clear
 .text.BSP_LD2_Toggle
                0x0000000008000254       0x14 ./Drivers/stm32l476_n64_bsp_asm/Source/stm32l476_n64_bsp_asm.o
                0x0000000008000254                BSP_LD2_Toggle
 .text.Reset_Handler
                0x0000000008000268       0x50 ./Startup/startup_stm32l476rgtx.o
                0x0000000008000268                Reset_Handler
 .text.Default_Handler
                0x00000000080002b8        0x2 ./Startup/startup_stm32l476rgtx.o
                0x00000000080002b8                EXTI2_IRQHandler
                0x00000000080002b8                TIM8_TRG_COM_IRQHandler
                0x00000000080002b8                TIM8_CC_IRQHandler
                0x00000000080002b8                DebugMon_Handler
                0x00000000080002b8                DMA1_CH4_IRQHandler
                0x00000000080002b8                TIM1_CC_IRQHandler
                0x00000000080002b8                TSC_IRQHandler
                0x00000000080002b8                HardFault_Handler
                0x00000000080002b8                SysTick_Handler
                0x00000000080002b8                TAMP_STAMP_IRQHandler
                0x00000000080002b8                PendSV_Handler
                0x00000000080002b8                NMI_Handler
                0x00000000080002b8                EXTI3_IRQHandler
                0x00000000080002b8                LPTIM2_IRQHandler
                0x00000000080002b8                DFSDM1_FLT1_IRQHandler
                0x00000000080002b8                I2C3_ER_IRQHandler
                0x00000000080002b8                DFSDM1_FLT2_IRQHandler
                0x00000000080002b8                TIM6_DACUNDER_IRQHandler
                0x00000000080002b8                EXTI0_IRQHandler
                0x00000000080002b8                I2C2_EV_IRQHandler
                0x00000000080002b8                DMA2_CH1_IRQHandler
                0x00000000080002b8                CAN1_RX0_IRQHandler
                0x00000000080002b8                FPU_IRQHandler
                0x00000000080002b8                TIM1_UP_TIM16_IRQHandler
                0x00000000080002b8                DMA2_CH7_IRQHandler
                0x00000000080002b8                UsageFault_Handler
                0x00000000080002b8                ADC1_2_IRQHandler
                0x00000000080002b8                SPI1_IRQHandler
                0x00000000080002b8                DMA1_CH7_IRQHandler
                0x00000000080002b8                TIM8_UP_IRQHandler
                0x00000000080002b8                RTC_ALARM_IRQHandler
                0x00000000080002b8                SAI2_IRQHandler
                0x00000000080002b8                DFSDM1_FLT3_IRQHandler
                0x00000000080002b8                DMA1_CH6_IRQHandler
                0x00000000080002b8                USART3_IRQHandler
                0x00000000080002b8                CAN1_RX1_IRQHandler
                0x00000000080002b8                LCD_IRQHandler
                0x00000000080002b8                UART5_IRQHandler
                0x00000000080002b8                ADC3_IRQHandler
                0x00000000080002b8                TIM4_IRQHandler
                0x00000000080002b8                QUADSPI_IRQHandler
                0x00000000080002b8                I2C1_EV_IRQHandler
                0x00000000080002b8                DMA2_CH5_IRQHandler
                0x00000000080002b8                UART4_IRQHandler
                0x00000000080002b8                DMA1_CH3_IRQHandler
                0x00000000080002b8                TIM3_IRQHandler
                0x00000000080002b8                RCC_IRQHandler
                0x00000000080002b8                Default_Handler
                0x00000000080002b8                EXTI15_10_IRQHandler
                0x00000000080002b8                TIM7_IRQHandler
                0x00000000080002b8                SDMMC1_IRQHandler
                0x00000000080002b8                TIM5_IRQHandler
                0x00000000080002b8                I2C3_EV_IRQHandler
                0x00000000080002b8                EXTI9_5_IRQHandler
                0x00000000080002b8                DMA1_CH2_IRQHandler
                0x00000000080002b8                RTC_WKUP_IRQHandler
                0x00000000080002b8                PVD_PVM_IRQHandler
                0x00000000080002b8                SPI2_IRQHandler
                0x00000000080002b8                DMA1_CH1_IRQHandler
                0x00000000080002b8                MemManage_Handler
                0x00000000080002b8                CAN1_TX_IRQHandler
                0x00000000080002b8                SVC_Handler
                0x00000000080002b8                EXTI4_IRQHandler
                0x00000000080002b8                RNG_IRQHandler
                0x00000000080002b8                TIM1_TRG_COM_TIM17_IRQHandler
                0x00000000080002b8                COMP_IRQHandler
                0x00000000080002b8                WWDG_IRQHandler
                0x00000000080002b8                LPUART1_IRQHandler
                0x00000000080002b8                TIM2_IRQHandler
                0x00000000080002b8                EXTI1_IRQHandler
                0x00000000080002b8                AES_IRQHandler
                0x00000000080002b8                USART2_IRQHandler
                0x00000000080002b8                DFSDM1_FLT0_IRQHandler
                0x00000000080002b8                I2C2_ER_IRQHandler
                0x00000000080002b8                TIM8_BRK_IRQHandler
                0x00000000080002b8                CAN1_SCE_IRQHandler
                0x00000000080002b8                FLASH_IRQHandler
                0x00000000080002b8                BusFault_Handler
                0x00000000080002b8                USART1_IRQHandler
                0x00000000080002b8                OTG_FS_IRQHandler
                0x00000000080002b8                SPI3_IRQHandler
                0x00000000080002b8                DMA2_CH6_IRQHandler
                0x00000000080002b8                DMA2_CH3_IRQHandler
                0x00000000080002b8                DMA2_CH2_IRQHandler
                0x00000000080002b8                I2C1_ER_IRQHandler
                0x00000000080002b8                FMC_IRQHandler
                0x00000000080002b8                DMA1_CH5_IRQHandler
                0x00000000080002b8                DMA2_CH4_IRQHandler
                0x00000000080002b8                SWPMI1_IRQHandler
                0x00000000080002b8                LPTIM1_IRQHandler
                0x00000000080002b8                SAI1_IRQHandler
                0x00000000080002b8                TIM1_BRK_TIM15_IRQHandler
 *fill*         0x00000000080002ba        0x2 
 .text.__libc_init_array
                0x00000000080002bc       0x48 c:/st/stm32cubeide_1.11.2/stm32cubeide/plugins/com.st.stm32cube.ide.mcu.externaltools.gnu-tools-for-stm32.10.3-2021.10.win32_1.0.100.202210260954/tools/bin/../lib/gcc/arm-none-eabi/10.3.1/../../../../arm-none-eabi/lib/thumb/v7e-m+fp/hard\libc_nano.a(lib_a-init.o)
                0x00000000080002bc                __libc_init_array
 *(.glue_7)
 .glue_7        0x0000000008000304        0x0 linker stubs
 *(.glue_7t)
 .glue_7t       0x0000000008000304        0x0 linker stubs
 *(.eh_frame)
 .eh_frame      0x0000000008000304        0x0 c:/st/stm32cubeide_1.11.2/stm32cubeide/plugins/com.st.stm32cube.ide.mcu.externaltools.gnu-tools-for-stm32.10.3-2021.10.win32_1.0.100.202210260954/tools/bin/../lib/gcc/arm-none-eabi/10.3.1/thumb/v7e-m+fp/hard/crtbegin.o
 *(.init)
 .init          0x0000000008000304        0x4 c:/st/stm32cubeide_1.11.2/stm32cubeide/plugins/com.st.stm32cube.ide.mcu.externaltools.gnu-tools-for-stm32.10.3-2021.10.win32_1.0.100.202210260954/tools/bin/../lib/gcc/arm-none-eabi/10.3.1/thumb/v7e-m+fp/hard/crti.o
                0x0000000008000304                _init
 .init          0x0000000008000308        0x8 c:/st/stm32cubeide_1.11.2/stm32cubeide/plugins/com.st.stm32cube.ide.mcu.externaltools.gnu-tools-for-stm32.10.3-2021.10.win32_1.0.100.202210260954/tools/bin/../lib/gcc/arm-none-eabi/10.3.1/thumb/v7e-m+fp/hard/crtn.o
 *(.fini)
 .fini          0x0000000008000310        0x4 c:/st/stm32cubeide_1.11.2/stm32cubeide/plugins/com.st.stm32cube.ide.mcu.externaltools.gnu-tools-for-stm32.10.3-2021.10.win32_1.0.100.202210260954/tools/bin/../lib/gcc/arm-none-eabi/10.3.1/thumb/v7e-m+fp/hard/crti.o
                0x0000000008000310                _fini
 .fini          0x0000000008000314        0x8 c:/st/stm32cubeide_1.11.2/stm32cubeide/plugins/com.st.stm32cube.ide.mcu.externaltools.gnu-tools-for-stm32.10.3-2021.10.win32_1.0.100.202210260954/tools/bin/../lib/gcc/arm-none-eabi/10.3.1/thumb/v7e-m+fp/hard/crtn.o
                0x000000000800031c                . = ALIGN (0x4)
                0x000000000800031c                _etext = .

.vfp11_veneer   0x000000000800031c        0x0
 .vfp11_veneer  0x000000000800031c        0x0 linker stubs

.v4_bx          0x000000000800031c        0x0
 .v4_bx         0x000000000800031c        0x0 linker stubs

.iplt           0x000000000800031c        0x0
 .iplt          0x000000000800031c        0x0 c:/st/stm32cubeide_1.11.2/stm32cubeide/plugins/com.st.stm32cube.ide.mcu.externaltools.gnu-tools-for-stm32.10.3-2021.10.win32_1.0.100.202210260954/tools/bin/../lib/gcc/arm-none-eabi/10.3.1/thumb/v7e-m+fp/hard/crtbegin.o

.rel.dyn        0x000000000800031c        0x0
 .rel.iplt      0x000000000800031c        0x0 c:/st/stm32cubeide_1.11.2/stm32cubeide/plugins/com.st.stm32cube.ide.mcu.externaltools.gnu-tools-for-stm32.10.3-2021.10.win32_1.0.100.202210260954/tools/bin/../lib/gcc/arm-none-eabi/10.3.1/thumb/v7e-m+fp/hard/crtbegin.o

.rodata         0x000000000800031c        0x0
                0x000000000800031c                . = ALIGN (0x4)
 *(.rodata)
 *(.rodata*)
                0x000000000800031c                . = ALIGN (0x4)

.ARM.extab      0x000000000800031c        0x0
                0x000000000800031c                . = ALIGN (0x4)
 *(.ARM.extab* .gnu.linkonce.armextab.*)
                0x000000000800031c                . = ALIGN (0x4)

.ARM            0x000000000800031c        0x0
                0x000000000800031c                . = ALIGN (0x4)
                0x000000000800031c                __exidx_start = .
 *(.ARM.exidx*)
                0x000000000800031c                __exidx_end = .
                0x000000000800031c                . = ALIGN (0x4)

.preinit_array  0x000000000800031c        0x0
                0x000000000800031c                . = ALIGN (0x4)
                0x000000000800031c                PROVIDE (__preinit_array_start = .)
 *(.preinit_array*)
                0x000000000800031c                PROVIDE (__preinit_array_end = .)
                0x000000000800031c                . = ALIGN (0x4)

.init_array     0x000000000800031c        0x4
                0x000000000800031c                . = ALIGN (0x4)
                0x000000000800031c                PROVIDE (__init_array_start = .)
 *(SORT_BY_NAME(.init_array.*))
 *(.init_array*)
 .init_array    0x000000000800031c        0x4 c:/st/stm32cubeide_1.11.2/stm32cubeide/plugins/com.st.stm32cube.ide.mcu.externaltools.gnu-tools-for-stm32.10.3-2021.10.win32_1.0.100.202210260954/tools/bin/../lib/gcc/arm-none-eabi/10.3.1/thumb/v7e-m+fp/hard/crtbegin.o
                0x0000000008000320                PROVIDE (__init_array_end = .)
                0x0000000008000320                . = ALIGN (0x4)

.fini_array     0x0000000008000320        0x4
                0x0000000008000320                . = ALIGN (0x4)
                [!provide]                        PROVIDE (__fini_array_start = .)
 *(SORT_BY_NAME(.fini_array.*))
 *(.fini_array*)
 .fini_array    0x0000000008000320        0x4 c:/st/stm32cubeide_1.11.2/stm32cubeide/plugins/com.st.stm32cube.ide.mcu.externaltools.gnu-tools-for-stm32.10.3-2021.10.win32_1.0.100.202210260954/tools/bin/../lib/gcc/arm-none-eabi/10.3.1/thumb/v7e-m+fp/hard/crtbegin.o
                [!provide]                        PROVIDE (__fini_array_end = .)
                0x0000000008000324                . = ALIGN (0x4)
                0x0000000008000324                _sidata = LOADADDR (.data)

.data           0x0000000020000000        0x0 load address 0x0000000008000324
                0x0000000020000000                . = ALIGN (0x4)
                0x0000000020000000                _sdata = .
 *(.data)
 *(.data*)
 *(.RamFunc)
 *(.RamFunc*)
                0x0000000020000000                . = ALIGN (0x4)
                0x0000000020000000                _edata = .
                0x0000000008000324                _sisram2 = LOADADDR (.sram2)

.igot.plt       0x0000000020000000        0x0 load address 0x0000000008000324
 .igot.plt      0x0000000020000000        0x0 c:/st/stm32cubeide_1.11.2/stm32cubeide/plugins/com.st.stm32cube.ide.mcu.externaltools.gnu-tools-for-stm32.10.3-2021.10.win32_1.0.100.202210260954/tools/bin/../lib/gcc/arm-none-eabi/10.3.1/thumb/v7e-m+fp/hard/crtbegin.o

.sram2          0x0000000010000000        0x0 load address 0x0000000008000324
                0x0000000010000000                . = ALIGN (0x4)
                0x0000000010000000                _ssram2 = .
 *(.sram2)
 *(.sram2*)
                0x0000000010000000                . = ALIGN (0x4)
                0x0000000010000000                _esram2 = .
                0x0000000010000000                . = ALIGN (0x4)

.bss            0x0000000020000000       0x1c
                0x0000000020000000                _sbss = .
                0x0000000020000000                __bss_start__ = _sbss
 *(.bss)
 .bss           0x0000000020000000       0x1c c:/st/stm32cubeide_1.11.2/stm32cubeide/plugins/com.st.stm32cube.ide.mcu.externaltools.gnu-tools-for-stm32.10.3-2021.10.win32_1.0.100.202210260954/tools/bin/../lib/gcc/arm-none-eabi/10.3.1/thumb/v7e-m+fp/hard/crtbegin.o
 *(.bss*)
 *(COMMON)
                0x000000002000001c                . = ALIGN (0x4)
                0x000000002000001c                _ebss = .
                0x000000002000001c                __bss_end__ = _ebss

._user_heap_stack
                0x000000002000001c      0x604
                0x0000000020000020                . = ALIGN (0x8)
 *fill*         0x000000002000001c        0x4 
                [!provide]                        PROVIDE (end = .)
                [!provide]                        PROVIDE (_end = .)
                0x0000000020000220                . = (. + _Min_Heap_Size)
 *fill*         0x0000000020000020      0x200 
                0x0000000020000620                . = (. + _Min_Stack_Size)
 *fill*         0x0000000020000220      0x400 
                0x0000000020000620                . = ALIGN (0x8)

/DISCARD/
 libc.a(*)
 libm.a(*)
 libgcc.a(*)

.ARM.attributes
                0x0000000000000000       0x30
 *(.ARM.attributes)
 .ARM.attributes
                0x0000000000000000       0x1e c:/st/stm32cubeide_1.11.2/stm32cubeide/plugins/com.st.stm32cube.ide.mcu.externaltools.gnu-tools-for-stm32.10.3-2021.10.win32_1.0.100.202210260954/tools/bin/../lib/gcc/arm-none-eabi/10.3.1/thumb/v7e-m+fp/hard/crti.o
 .ARM.attributes
                0x000000000000001e       0x34 c:/st/stm32cubeide_1.11.2/stm32cubeide/plugins/com.st.stm32cube.ide.mcu.externaltools.gnu-tools-for-stm32.10.3-2021.10.win32_1.0.100.202210260954/tools/bin/../lib/gcc/arm-none-eabi/10.3.1/thumb/v7e-m+fp/hard/crtbegin.o
 .ARM.attributes
                0x0000000000000052       0x20 ./Core/Source/main.o
 .ARM.attributes
                0x0000000000000072       0x20 ./Drivers/stm32l476_msp_asm/source/stm32l476_msp_gpio.o
 .ARM.attributes
                0x0000000000000092       0x20 ./Drivers/stm32l476_msp_asm/source/stm32l476_msp_rcc.o
 .ARM.attributes
                0x00000000000000b2       0x20 ./Drivers/stm32l476_n64_bsp_asm/Source/stm32l476_n64_bsp_asm.o
 .ARM.attributes
                0x00000000000000d2       0x21 ./Startup/startup_stm32l476rgtx.o
 .ARM.attributes
                0x00000000000000f3       0x34 c:/st/stm32cubeide_1.11.2/stm32cubeide/plugins/com.st.stm32cube.ide.mcu.externaltools.gnu-tools-for-stm32.10.3-2021.10.win32_1.0.100.202210260954/tools/bin/../lib/gcc/arm-none-eabi/10.3.1/../../../../arm-none-eabi/lib/thumb/v7e-m+fp/hard\libc_nano.a(lib_a-init.o)
 .ARM.attributes
                0x0000000000000127       0x1e c:/st/stm32cubeide_1.11.2/stm32cubeide/plugins/com.st.stm32cube.ide.mcu.externaltools.gnu-tools-for-stm32.10.3-2021.10.win32_1.0.100.202210260954/tools/bin/../lib/gcc/arm-none-eabi/10.3.1/thumb/v7e-m+fp/hard/crtn.o
OUTPUT(00e_Led_On_s.elf elf32-littlearm)
LOAD linker stubs
LOAD c:/st/stm32cubeide_1.11.2/stm32cubeide/plugins/com.st.stm32cube.ide.mcu.externaltools.gnu-tools-for-stm32.10.3-2021.10.win32_1.0.100.202210260954/tools/bin/../lib/gcc/arm-none-eabi/10.3.1/../../../../arm-none-eabi/lib/thumb/v7e-m+fp/hard\libc.a
LOAD c:/st/stm32cubeide_1.11.2/stm32cubeide/plugins/com.st.stm32cube.ide.mcu.externaltools.gnu-tools-for-stm32.10.3-2021.10.win32_1.0.100.202210260954/tools/bin/../lib/gcc/arm-none-eabi/10.3.1/../../../../arm-none-eabi/lib/thumb/v7e-m+fp/hard\libm.a
LOAD c:/st/stm32cubeide_1.11.2/stm32cubeide/plugins/com.st.stm32cube.ide.mcu.externaltools.gnu-tools-for-stm32.10.3-2021.10.win32_1.0.100.202210260954/tools/bin/../lib/gcc/arm-none-eabi/10.3.1/thumb/v7e-m+fp/hard\libgcc.a

.debug_line     0x0000000000000000      0x288
 .debug_line    0x0000000000000000       0x49 ./Core/Source/main.o
 .debug_line    0x0000000000000049       0x9e ./Drivers/stm32l476_msp_asm/source/stm32l476_msp_gpio.o
 .debug_line    0x00000000000000e7       0x6c ./Drivers/stm32l476_msp_asm/source/stm32l476_msp_rcc.o
 .debug_line    0x0000000000000153       0xb1 ./Drivers/stm32l476_n64_bsp_asm/Source/stm32l476_n64_bsp_asm.o
 .debug_line    0x0000000000000204       0x84 ./Startup/startup_stm32l476rgtx.o

.debug_info     0x0000000000000000       0xb2
 .debug_info    0x0000000000000000       0x26 ./Core/Source/main.o
 .debug_info    0x0000000000000026       0x22 ./Drivers/stm32l476_msp_asm/source/stm32l476_msp_gpio.o
 .debug_info    0x0000000000000048       0x26 ./Drivers/stm32l476_msp_asm/source/stm32l476_msp_rcc.o
 .debug_info    0x000000000000006e       0x22 ./Drivers/stm32l476_n64_bsp_asm/Source/stm32l476_n64_bsp_asm.o
 .debug_info    0x0000000000000090       0x22 ./Startup/startup_stm32l476rgtx.o

.debug_abbrev   0x0000000000000000       0x5e
 .debug_abbrev  0x0000000000000000       0x14 ./Core/Source/main.o
 .debug_abbrev  0x0000000000000014       0x12 ./Drivers/stm32l476_msp_asm/source/stm32l476_msp_gpio.o
 .debug_abbrev  0x0000000000000026       0x14 ./Drivers/stm32l476_msp_asm/source/stm32l476_msp_rcc.o
 .debug_abbrev  0x000000000000003a       0x12 ./Drivers/stm32l476_n64_bsp_asm/Source/stm32l476_n64_bsp_asm.o
 .debug_abbrev  0x000000000000004c       0x12 ./Startup/startup_stm32l476rgtx.o

.debug_aranges  0x0000000000000000       0xd8
 .debug_aranges
                0x0000000000000000       0x20 ./Core/Source/main.o
 .debug_aranges
                0x0000000000000020       0x38 ./Drivers/stm32l476_msp_asm/source/stm32l476_msp_gpio.o
 .debug_aranges
                0x0000000000000058       0x20 ./Drivers/stm32l476_msp_asm/source/stm32l476_msp_rcc.o
 .debug_aranges
                0x0000000000000078       0x38 ./Drivers/stm32l476_n64_bsp_asm/Source/stm32l476_n64_bsp_asm.o
 .debug_aranges
                0x00000000000000b0       0x28 ./Startup/startup_stm32l476rgtx.o

.debug_str      0x0000000000000000      0x139
 .debug_str     0x0000000000000000       0x65 ./Core/Source/main.o
 .debug_str     0x0000000000000065       0x39 ./Drivers/stm32l476_msp_asm/source/stm32l476_msp_gpio.o
                                         0x88 (size before relaxing)
 .debug_str     0x000000000000009e       0x38 ./Drivers/stm32l476_msp_asm/source/stm32l476_msp_rcc.o
                                         0x87 (size before relaxing)
 .debug_str     0x00000000000000d6       0x40 ./Drivers/stm32l476_n64_bsp_asm/Source/stm32l476_n64_bsp_asm.o
                                         0x8f (size before relaxing)
 .debug_str     0x0000000000000116       0x23 ./Startup/startup_stm32l476rgtx.o
                                         0x72 (size before relaxing)

.debug_ranges   0x0000000000000000       0x80
 .debug_ranges  0x0000000000000000       0x30 ./Drivers/stm32l476_msp_asm/source/stm32l476_msp_gpio.o
 .debug_ranges  0x0000000000000030       0x30 ./Drivers/stm32l476_n64_bsp_asm/Source/stm32l476_n64_bsp_asm.o
 .debug_ranges  0x0000000000000060       0x20 ./Startup/startup_stm32l476rgtx.o

.debug_frame    0x0000000000000000       0x2c
 .debug_frame   0x0000000000000000       0x2c c:/st/stm32cubeide_1.11.2/stm32cubeide/plugins/com.st.stm32cube.ide.mcu.externaltools.gnu-tools-for-stm32.10.3-2021.10.win32_1.0.100.202210260954/tools/bin/../lib/gcc/arm-none-eabi/10.3.1/../../../../arm-none-eabi/lib/thumb/v7e-m+fp/hard\libc_nano.a(lib_a-init.o)
